exception [false,true,100,]
tmus.transaction.id [true,true,100,]
remoteHost [false,true,100,]
dynatrace [true,false,1000,]
job.jms.connection.factory [true,false,1000,]
object.ids [false,true,100,]
web.url [true,false,1000,]
qs.messageid [true,true,100,]
sql.monitor [false,true,100,sql]
es.query.path [true,true,1000,]
web.query [true,false,1000,]
X-B3-TraceId [true,false,1000,]
job.name [true,false,1000,]
id [false,true,100,]
object.id [false,true,100,]
x-request-id [true,false,1000,]
jms.timestamp [false,false,1000,]
quotationengine.comand_id [true,false,1000,]
bis.customer_id [true,true,1000,]
span.id [true,true,800,]
pg_application_name [true,false,1000,]
bis.request_id [false,false,1000,]
bis.event_id [false,false,1000,]
icoms.request.xml [false,false,1000,]
wf.activity.id [true,false,1000,]
quotationengine.quote_id [true,true,1000,]
filename [false,true,100,]
async.emitted [true,false,1000,]
job.class [true,false,1000,]
wf.process [true,true,100,]
ai.zip [true,false,1000,]
binds [false,true,100,sql]
include.page [false,true,100,]
regexp [false,false,1000,]
tmus.event.id [true,true,100,]
po.async.start.marker [true,true,100,]
common.started [false,false,1000,]
wf.activity.instance [true,false,1000,]
po.process [true,true,100,]
command.line [false,false,1000,]
wf.activity.wmo [true,true,100,]
fetch.plan [false,true,100,]
collection.name [false,true,100,]
nc_user [false,true,100,]
_web.referer [true,false,1000,]
job.method [true,false,1000,]
jms.destination [true,false,1000,]
async.absorbed [true,false,1000,]
tbapi.method [true,true,100,]
cloud.x.request.id [true,true,5000,]
web.remote.addr [true,false,1000,]
input.string [false,false,1000,]
dataflow.session [true,false,1000,]
X-B3-SpanId [true,false,1000,]
tui.tab [true,true,1000,]
jms.messageid [true,false,1000,]
jms.correlationid [true,false,1000,]
exception.class [false,true,100,]
queue [true,false,1000,]
j2ee.xid [true,false,1000,]
job.url [true,false,1000,]
po.async.finish.notify.marker [true,true,100,]
call.idle [true,false,700,]
job.action.type [true,false,1000,]
current.domain [true,false,1000,]
brave.span_id [true,false,800,]
bis.root_id [true,false,1000,]
x-client-transaction-id [true,false,1000,]
po.task.id [true,false,1000,]
ui.component [true,false,1000,]
call.red [true,false,500,]
persistenceContext [false,true,100,]
jms.text.fragment [true,false,1000,]
X-B3-ParentSpanId [true,false,1000,]
end.to.end.id [true,true,1000,]
script.js [false,false,1000,]
tui.action [true,true,1000,]
tui.object [true,false,1000,]
ossj.operation.name [true,true,100,]
rabbitmq.url [true,false,1000,]
dataflow.stack [false,false,1000,]
log.written [false,true,100,]
liferay.user [true,true,100,]
wf.activity.action [false,false,1000,]
antcall.json [false,false,1000,]
wf.xml [false,true,100,]
web.session.id [true,false,1000,]
proxy.to [false,true,100,]
web.method [true,false,1000,]
mdx [true,true,100,sql]
ui.request.json [false,true,100,]
ai.package [true,false,1000,]
oracle.sid [true,false,100,]
tmus.event [true,true,100,]
job.id [true,false,1000,]
dataflow.module [true,false,1000,]
timeout [false,true,100,]
sql [false,true,100,sql]
po.async.finish.marker [true,true,100,]
dataflow.session.id [true,false,1000,]
trace.id [true,true,100,]
process.id [true,true,100,]
job.jms.topic [true,false,1000,]
jmeter.step [true,true,50,]
http.request [false,true,100,]
parent.span.id [true,true,810,]
profiler.title [true,false,1000,]
n1ql [false,true,100,sql]
target.host [true,true,100,]
jms.replyto [true,false,1000,]
exception.text [false,true,100,]
java.thread [false,false,1000,]
jms.consumer [true,false,1000,]
jms.text [false,false,1000,]
brave.trace_id [true,false,100,]
po.process.name [true,true,1000,]
tmus.username [false,true,100,]
nc.user [true,true,1000,]
portlet.id [false,true,100,]
log.generated [false,true,100,]
attr.id [false,true,100,]
brave.parent_id [true,false,810,]
