#    n;     time; cpuTime;waitTime;memoryUsed;method;duration;queueWait;suspend; calls;trFile;bufOffst;recordIdx; transactions; logsGenerated; logsWritten; fileRead; fileWritten; netRead; netWritten; threadName; params
call#1:    -2189;    1459;       0;        0;      9;    1387;       0;       0;      4;     1;     8;     0;     0;       0;       0;       0;       0;       0;       0;         main; map[]
call#2:    48595;       7;       0;        0;    176;      98;       0;       0;      1;     1;  2567;    15;     0;       0;       0;       0;       0;       0;       0;   s0-admin-0; map[]
call#3:      581;      60;       0;        0;    176;      25;       0;       0;      1;     1;  2567;    25;     0;       0;       0;       0;       0;       0;       0;   s0-admin-0; map[]
call#4:     6717;     399;       0;        0;    176;     102;       0;       0;      1;     1;  2567;    47;     0;       0;       0;       0;     473;       0;       0;   s0-admin-0; map[]
call#5:      102;     142;       0;        0;    176;     810;       0;       0;      2;     1;  2567;    55;     0;       0;       0;       0;       0;       0;       0;   s0-admin-0; map[]
call#6:   -54608;   13221;       0;        0;      7;   93906;       0;       0;    677;     1;     8;    13;     0;       0;       0;  643899;    6935;       0;       0;         main; map[]
call#7:    96056;     321;       0;        0;    568;    2043;       0;       0;      6;     1;  4472;     0;     0;       0;       0;       0;     429;     121;     759; http-nio-8180-exec-1; map[19:[GET /actuator/health, client: 192.168.206.37] 41:[http://10.131.130.171:8180/actuator/health] 84:[192.168.206.37] 119:[GET]]
call#8:        0;     148;       0;        0;    568;    2047;       0;       0;      3;     1;  4960;     0;     0;       0;       0;       0;       0;     121;     759; http-nio-8180-exec-2; map[19:[GET /actuator/health, client: 192.168.206.37] 41:[http://10.131.130.171:8180/actuator/health] 84:[192.168.206.37] 119:[GET]]
call#9:     9984;       0;       0;        0;    568;       4;       0;       0;      2;     1;  5424;     0;     0;       0;       0;       0;       0;     121;     759; http-nio-8180-exec-4; map[19:[GET /actuator/health, client: 192.168.206.37] 41:[http://10.131.130.171:8180/actuator/health] 84:[192.168.206.37] 119:[GET]]
call#10:      934;      46;       0;        0;    568;     215;       0;       0;      2;     1;  5870;     0;     0;       0;       0;       0;     520;     212;   85965; http-nio-8180-exec-6; map[19:[GET /actuator/prometheus, client: 10.131.130.167] 41:[http://10.131.130.171:8180/actuator/prometheus] 84:[10.131.130.167] 119:[GET]]
call#11:     -934;       0;       0;        0;    568;       4;       0;       0;      2;     1;  6356;     0;     0;       0;       0;       0;       0;     121;     759; http-nio-8180-exec-3; map[19:[GET /actuator/health, client: 192.168.206.37] 41:[http://10.131.130.171:8180/actuator/health] 84:[192.168.206.37] 119:[GET]]
call#12:    10000;       0;       0;        0;    568;       7;       0;       0;      3;     1;  6864;     0;     0;       0;       0;       0;       0;     121;     759; http-nio-8180-exec-9; map[19:[GET /actuator/health, client: 192.168.206.37] 41:[http://10.131.130.171:8180/actuator/health] 84:[192.168.206.37] 119:[GET]]
call#13:     7346;       5;       0;        0;    568;       0;       0;       0;      2;     1;  7314;     0;     0;       0;       0;       0;       0;    1153;   32413; http-nio-8180-exec-1; map[19:[GET /static/js/main.1b02a787.chunk.js, client: 10.236.118.197] 41:[https://esc-ui-service.test.org/static/js/main.1b02a787.chunk.js] 50:[e383fff5588d10f6fbb490a6924c8a05] 78:[https://esc-ui-service.test.org/] 84:[10.236.118.197] 119:[GET]]
call#14:    -7346;       0;       0;        0;    568;      11;       0;       0;      2;     1;  8740;     0;     0;       0;       0;       0;       0;     121;     759; http-nio-8180-exec-7; map[19:[GET /actuator/health, client: 192.168.206.37] 41:[http://10.131.130.171:8180/actuator/health] 84:[192.168.206.37] 119:[GET]]
call#15:    10585;      33;       0;        0;    568;     273;       0;       0;     11;     1;  9186;     0;     0;       0;       0;       0;       0;    1458;   27971; http-nio-8180-exec-9; map[19:[GET /esc/containersInfo, client: 10.236.118.197] 41:[https://esc-ui-service.test.org/esc/containersInfo] 50:[19b737706b94dfd7be49eace9cbd0f33] 78:[https://esc-ui-service.test.org/esc/calls?filterParams=%7B%22dateRange%22%3A%5B%222023-07-24T12%3A13%3A31.480Z%22%2C%222023-07-24T12%3A28%3A31.481Z%22%5D%2C%22dateRangeOption%22%3A%22LAST_15_MIN%22%2C%22duration%22%3A%22%3E%3D%205000ms%22%2C%22podsToLoad%22%3A%5B%5D%2C%22filterString%22%3A%22%22%2C%22hideSystem%22%3Atrue%7D] 84:[10.236.118.197] 119:[GET]]
call#16:    -3679;      44;       0;        0;    568;     143;       0;       0;      2;     1; 10679;     0;     0;       0;       0;       0;       0;    1207;    2712; http-nio-8180-exec-10; map[19:[GET /, client: 10.236.118.197] 41:[https://esc-ui-service.test.org/] 50:[b51142679732e4fbd056efc8b1bf0c92] 84:[10.236.118.197] 119:[GET]]
call#17:     4243;      11;       0;        0;    568;     105;       0;       0;      7;     1; 10679;    17;     0;       0;       0;       0;       0;    1458;   27971; http-nio-8180-exec-10; map[19:[GET /esc/containersInfo, client: 10.236.118.197] 41:[https://esc-ui-service.test.org/esc/containersInfo] 50:[ecfc757e73da4cbb5e8440597663322c] 78:[https://esc-ui-service.test.org/esc/calls?filterParams=%7B%22dateRange%22%3A%5B%222023-07-24T12%3A13%3A31.480Z%22%2C%222023-07-24T12%3A28%3A31.481Z%22%5D%2C%22dateRangeOption%22%3A%22LAST_15_MIN%22%2C%22duration%22%3A%22%3E%3D%205000ms%22%2C%22podsToLoad%22%3A%5B%5D%2C%22filterString%22%3A%22%22%2C%22hideSystem%22%3Atrue%7D] 84:[10.236.118.197] 119:[GET]]
call#18:    -1149;      13;       0;        0;    568;       8;       0;       0;      4;     1; 12670;     0;     0;       0;       0;       0;       0;     121;     759; http-nio-8180-exec-4; map[19:[GET /actuator/health, client: 192.168.206.37] 41:[http://10.131.130.171:8180/actuator/health] 84:[192.168.206.37] 119:[GET]]
call#19:    -2654;      38;       0;        0;    568;    1646;       0;       0;      7;     1;  8182;     0;     0;       0;       0;       0;       0;    1150; 2109095; http-nio-8180-exec-2; map[19:[GET /static/js/2.31eb250d.chunk.js, client: 10.236.118.197] 41:[https://esc-ui-service.test.org/static/js/2.31eb250d.chunk.js] 50:[a42210d20bc079a9efc5319fd6207218] 78:[https://esc-ui-service.test.org/] 84:[10.236.118.197] 119:[GET]]
call#20:     3239;       6;       0;        0;    568;       0;       0;       0;      2;     1; 13477;     0;     0;       0;       0;       0;       0;    1451;     360; http-nio-8180-exec-6; map[19:[GET /esc/version, client: 10.236.118.197] 41:[https://esc-ui-service.test.org/esc/version] 50:[a984485269f7ffc873028bbd2e01ef0d] 78:[https://esc-ui-service.test.org/esc/calls?filterParams=%7B%22dateRange%22%3A%5B%222023-07-24T12%3A13%3A31.480Z%22%2C%222023-07-24T12%3A28%3A31.481Z%22%5D%2C%22dateRangeOption%22%3A%22LAST_15_MIN%22%2C%22duration%22%3A%22%3E%3D%205000ms%22%2C%22podsToLoad%22%3A%5B%5D%2C%22filterString%22%3A%22%22%2C%22hideSystem%22%3Atrue%7D] 84:[10.236.118.197] 119:[GET]]
call#21:        0;     182;       0;        0;    568;    1564;       0;       0;     18;     1; 14844;     0;     0;       0;       0;       0;     436;    1750;     547; http-nio-8180-exec-7; map[19:[GET /esc/calls/load?windowId=1690201711480_152211&clientUTC=1690201711602&timerangeFrom=1690200811480&timerangeTo=1690201711481&durationFrom=5000&durationTo=30879000&podFilter=%7B%22operation%22%3A%22or%22%2C%22conditions%22%3A%5B%5D%7D&filterString=&beginIndex=0&pageSize=100&hideSystem=true&sortIndex=0&asc=false&, client: 10.236.118.197] 41:[https://esc-ui-service.test.org/esc/calls/load] 45:[windowId=1690201711480_152211&clientUTC=1690201711602&timerangeFrom=1690200811480&timerangeTo=1690201711481&durationFrom=5000&durationTo=30879000&podFilter=%7B%22operation%22%3A%22or%22%2C%22conditions%22%3A%5B%5D%7D&filterString=&beginIndex=0&pageSize=100&hideSystem=true&sortIndex=0&asc=false&] 50:[3ae715cc041a776867024646d0edf50e] 78:[https://esc-ui-service.test.org/esc/calls?filterParams=%7B%22dateRange%22%3A%5B%222023-07-24T12%3A13%3A31.480Z%22%2C%222023-07-24T12%3A28%3A31.481Z%22%5D%2C%22dateRangeOption%22%3A%22LAST_15_MIN%22%2C%22duration%22%3A%22%3E%3D%205000ms%22%2C%22podsToLoad%22%3A%5B%5D%2C%22filterString%22%3A%22%22%2C%22hideSystem%22%3Atrue%7D] 84:[10.236.118.197] 119:[GET]]
call#22:    -3252;       0;       0;        0;    568;      13;       0;       0;      5;     1; 17504;     0;     0;       0;       0;       0;       0;    1166;  570533; http-nio-8180-exec-5; map[19:[GET /static/css/2.70b9f67b.chunk.css, client: 10.236.118.197] 41:[https://esc-ui-service.test.org/static/css/2.70b9f67b.chunk.css] 50:[2019effb95d4620cbd2104d8a0f35a5a] 78:[https://esc-ui-service.test.org/] 84:[10.236.118.197] 119:[GET]]
call#23:     4207;      24;       0;        0;    568;     114;       0;       0;      7;     1; 17504;    23;     0;       0;       0;       0;       0;    1458;   27971; http-nio-8180-exec-5; map[19:[GET /esc/containersInfo, client: 10.236.118.197] 41:[https://esc-ui-service.test.org/esc/containersInfo] 50:[f32bcb4f8ba66599af06297e684bc1e1] 78:[https://esc-ui-service.test.org/esc/calls?filterParams=%7B%22dateRange%22%3A%5B%222023-07-24T12%3A13%3A31.480Z%22%2C%222023-07-24T12%3A28%3A31.481Z%22%5D%2C%22dateRangeOption%22%3A%22LAST_15_MIN%22%2C%22duration%22%3A%22%3E%3D%205000ms%22%2C%22podsToLoad%22%3A%5B%5D%2C%22filterString%22%3A%22%22%2C%22hideSystem%22%3Atrue%7D] 84:[10.236.118.197] 119:[GET]]
call#24:    -4199;       0;       0;        0;    568;       5;       0;       0;      7;     1; 19788;     0;     0;       0;       0;       0;       0;    1169;   18009; http-nio-8180-exec-8; map[19:[GET /static/css/main.8d084359.chunk.css, client: 10.236.118.197] 41:[https://esc-ui-service.test.org/static/css/main.8d084359.chunk.css] 50:[4323e6e83035d02cbbf03f54dd217c86] 78:[https://esc-ui-service.test.org/] 84:[10.236.118.197] 119:[GET]]
call#25:     2659;      10;       0;        0;    568;       5;       0;       0;      4;     1; 20678;     0;     0;       0;       0;       0;       0;     121;     759; http-nio-8180-exec-3; map[19:[GET /actuator/health, client: 192.168.206.37] 41:[http://10.131.130.171:8180/actuator/health] 84:[192.168.206.37] 119:[GET]]
call#26:     4445;       5;       0;        0;    568;       3;       0;       0;      2;     1; 21140;     0;     0;       0;       0;       0;       0;    1462;   18009; http-nio-8180-exec-1; map[19:[GET /static/css/main.8d084359.chunk.css, client: 10.236.118.197] 41:[https://esc-ui-service.test.org/static/css/main.8d084359.chunk.css] 50:[b98426281d38f902195758ea898fa5e7] 78:[https://esc-ui-service.test.org/esc/calls?filterParams=%7B%22dateRange%22%3A%5B%222023-07-24T12%3A13%3A31.480Z%22%2C%222023-07-24T12%3A28%3A31.481Z%22%5D%2C%22dateRangeOption%22%3A%22LAST_15_MIN%22%2C%22duration%22%3A%22%3E%3D%205000ms%22%2C%22podsToLoad%22%3A%5B%5D%2C%22filterString%22%3A%22%22%2C%22hideSystem%22%3Atrue%7D] 84:[10.236.118.197] 119:[GET]]
call#27:       -1;      13;       0;        0;    568;      12;       0;       0;      4;     1; 22603;     0;     0;       0;       0;       0;       0;    1459;  570533; http-nio-8180-exec-8; map[19:[GET /static/css/2.70b9f67b.chunk.css, client: 10.236.118.197] 41:[https://esc-ui-service.test.org/static/css/2.70b9f67b.chunk.css] 50:[aba199393bcc4032225e6276c8e31527] 78:[https://esc-ui-service.test.org/esc/calls?filterParams=%7B%22dateRange%22%3A%5B%222023-07-24T12%3A13%3A31.480Z%22%2C%222023-07-24T12%3A28%3A31.481Z%22%5D%2C%22dateRangeOption%22%3A%22LAST_15_MIN%22%2C%22duration%22%3A%22%3E%3D%205000ms%22%2C%22podsToLoad%22%3A%5B%5D%2C%22filterString%22%3A%22%22%2C%22hideSystem%22%3Atrue%7D] 84:[10.236.118.197] 119:[GET]]
call#28:     8731;      13;       0;        0;    604;      75;       0;       0;      1;     1; 26746;     3;     0;       0;       0;       0;       0; 2068563;     435;      s1-io-1; map[]
call#29:    -2241;      21;       0;        0;    568;      21;       0;       0;      2;     1; 27190;     0;     0;       0;       0;       0;     520;     212;   89541; http-nio-8180-exec-4; map[19:[GET /actuator/prometheus, client: 10.131.130.167] 41:[http://10.131.130.171:8180/actuator/prometheus] 84:[10.131.130.167] 119:[GET]]
call#30:     -934;       6;       0;        0;    568;       4;       0;       0;      3;     1; 27731;     0;     0;       0;       0;       0;       0;     121;     759; http-nio-8180-exec-2; map[19:[GET /actuator/health, client: 192.168.206.37] 41:[http://10.131.130.171:8180/actuator/health] 84:[192.168.206.37] 119:[GET]]
call#31:     2019;       8;       0;        0;    568;      55;       0;       0;      5;     1; 28187;     0;     0;       0;       0;       0;       0;    1535;   27971; http-nio-8180-exec-6; map[19:[GET /esc/containersInfo, client: 10.236.118.197] 41:[https://esc-ui-service.test.org/esc/containersInfo] 50:[b5b86945662e948c9073c50aabc0a143] 78:[https://esc-ui-service.test.org/esc/calls?filterParams=%7B%22dateRange%22%3A%5B%222023-07-24T12%3A13%3A31.480Z%22%2C%222023-07-24T12%3A28%3A31.481Z%22%5D%2C%22dateRangeOption%22%3A%22LAST_15_MIN%22%2C%22duration%22%3A%22%3E%3D%205000ms%22%2C%22podsToLoad%22%3A%5B%7B%22namespace%22%3A%22profiler%22%2C%22service%22%3A%22esc-ui-service%22%7D%5D%2C%22filterString%22%3A%22%22%2C%22hideSystem%22%3Atrue%7D] 84:[10.236.118.197] 119:[GET]]
call#32:    -2019;       5;       0;        0;    568;       6;       0;       0;      3;     1; 29759;     0;     0;       0;       0;       0;       0;     121;     759; http-nio-8180-exec-3; map[19:[GET /actuator/health, client: 192.168.206.37] 41:[http://10.131.130.171:8180/actuator/health] 84:[192.168.206.37] 119:[GET]]
call#33:     2019;     122;       0;        0;    568;    3236;       0;       0;     23;     1; 24066;     0;     0;       0;       0;       0;     812;    2188;   19244; http-nio-8180-exec-9; map[19:[GET /esc/calls/load?windowId=1690201711480_152211&clientUTC=1690201723019&timerangeFrom=1690200811480&timerangeTo=1690201711481&durationFrom=5000&durationTo=30879000&podFilter=%7B%22operation%22%3A%22or%22%2C%22conditions%22%3A%5B%7B%22operation%22%3A%22and%22%2C%22conditions%22%3A%5B%7B%22lValue%22%3A%7B%22word%22%3A%22service_name%22%7D%2C%22comparator%22%3A%22%3D%22%2C%22rValues%22%3A%5B%7B%22word%22%3A%22esc-ui-service%22%7D%5D%7D%2C%7B%22lValue%22%3A%7B%22word%22%3A%22namespace%22%7D%2C%22comparator%22%3A%22%3D%22%2C%22rValues%22%3A%5B%7B%22word%22%3A%22profiler%22%7D%5D%7D%5D%7D%5D%7D&filterString=&beginIndex=0&pageSize=100&hideSystem=true&sortIndex=0&asc=false&, client: 10.236.118.197] 41:[https://esc-ui-service.test.org/esc/calls/load] 45:[windowId=1690201711480_152211&clientUTC=1690201723019&timerangeFrom=1690200811480&timerangeTo=1690201711481&durationFrom=5000&durationTo=30879000&podFilter=%7B%22operation%22%3A%22or%22%2C%22conditions%22%3A%5B%7B%22operation%22%3A%22and%22%2C%22conditions%22%3A%5B%7B%22lValue%22%3A%7B%22word%22%3A%22service_name%22%7D%2C%22comparator%22%3A%22%3D%22%2C%22rValues%22%3A%5B%7B%22word%22%3A%22esc-ui-service%22%7D%5D%7D%2C%7B%22lValue%22%3A%7B%22word%22%3A%22namespace%22%7D%2C%22comparator%22%3A%22%3D%22%2C%22rValues%22%3A%5B%7B%22word%22%3A%22profiler%22%7D%5D%7D%5D%7D%5D%7D&filterString=&beginIndex=0&pageSize=100&hideSystem=true&sortIndex=0&asc=false&] 50:[49286b3fcdb80b06afc07516aefa7938] 78:[https://esc-ui-service.test.org/esc/calls?filterParams=%7B%22dateRange%22%3A%5B%222023-07-24T12%3A13%3A31.480Z%22%2C%222023-07-24T12%3A28%3A31.481Z%22%5D%2C%22dateRangeOption%22%3A%22LAST_15_MIN%22%2C%22duration%22%3A%22%3E%3D%205000ms%22%2C%22podsToLoad%22%3A%5B%7B%22namespace%22%3A%22profiler%22%2C%22service%22%3A%22esc-ui-service%22%7D%5D%2C%22filterString%22%3A%22%22%2C%22hideSystem%22%3Atrue%7D] 84:[10.236.118.197] 119:[GET]]
call#34:     1643;      24;       0;        0;    606;      87;       0;       0;      1;     1; 31868;     0;     0;       0;       0;       0;       0; 4480601;     570;      s1-io-1; map[]
call#35:     3959;      14;       0;        0;    568;      35;       0;       0;      6;     1; 32333;     0;     0;       0;       0;       0;       0;    2186;   13679; http-nio-8180-exec-5; map[19:[GET /esc/calls/load?windowId=1690201711480_152211&clientUTC=1690201728628&timerangeFrom=1690200811480&timerangeTo=1690201711481&durationFrom=100&durationTo=30879000&podFilter=%7B%22operation%22%3A%22or%22%2C%22conditions%22%3A%5B%7B%22operation%22%3A%22and%22%2C%22conditions%22%3A%5B%7B%22lValue%22%3A%7B%22word%22%3A%22service_name%22%7D%2C%22comparator%22%3A%22%3D%22%2C%22rValues%22%3A%5B%7B%22word%22%3A%22esc-ui-service%22%7D%5D%7D%2C%7B%22lValue%22%3A%7B%22word%22%3A%22namespace%22%7D%2C%22comparator%22%3A%22%3D%22%2C%22rValues%22%3A%5B%7B%22word%22%3A%22profiler%22%7D%5D%7D%5D%7D%5D%7D&filterString=&beginIndex=0&pageSize=100&hideSystem=true&sortIndex=0&asc=false&, client: 10.236.118.197] 41:[https://esc-ui-service.test.org/esc/calls/load] 45:[windowId=1690201711480_152211&clientUTC=1690201728628&timerangeFrom=1690200811480&timerangeTo=1690201711481&durationFrom=100&durationTo=30879000&podFilter=%7B%22operation%22%3A%22or%22%2C%22conditions%22%3A%5B%7B%22operation%22%3A%22and%22%2C%22conditions%22%3A%5B%7B%22lValue%22%3A%7B%22word%22%3A%22service_name%22%7D%2C%22comparator%22%3A%22%3D%22%2C%22rValues%22%3A%5B%7B%22word%22%3A%22esc-ui-service%22%7D%5D%7D%2C%7B%22lValue%22%3A%7B%22word%22%3A%22namespace%22%7D%2C%22comparator%22%3A%22%3D%22%2C%22rValues%22%3A%5B%7B%22word%22%3A%22profiler%22%7D%5D%7D%5D%7D%5D%7D&filterString=&beginIndex=0&pageSize=100&hideSystem=true&sortIndex=0&asc=false&] 50:[69f94c73b8213ad3b7f7850b6890c9a8] 78:[https://esc-ui-service.test.org/esc/calls?filterParams=%7B%22dateRange%22%3A%5B%222023-07-24T12%3A13%3A31.480Z%22%2C%222023-07-24T12%3A28%3A31.481Z%22%5D%2C%22dateRangeOption%22%3A%22LAST_15_MIN%22%2C%22duration%22%3A%22%3E%3D%20100ms%22%2C%22podsToLoad%22%3A%5B%7B%22namespace%22%3A%22profiler%22%2C%22service%22%3A%22esc-ui-service%22%7D%5D%2C%22filterString%22%3A%22%22%2C%22hideSystem%22%3Atrue%7D] 84:[10.236.118.197] 119:[GET]]
call#36:       -4;       7;       0;        0;    568;      53;       0;       0;      5;     1; 36514;     0;     0;       0;       0;       0;       0;    1534;   27971; http-nio-8180-exec-10; map[19:[GET /esc/containersInfo, client: 10.236.118.197] 41:[https://esc-ui-service.test.org/esc/containersInfo] 50:[545528937f72f051e95f44fb6ac00cc8] 78:[https://esc-ui-service.test.org/esc/calls?filterParams=%7B%22dateRange%22%3A%5B%222023-07-24T12%3A13%3A31.480Z%22%2C%222023-07-24T12%3A28%3A31.481Z%22%5D%2C%22dateRangeOption%22%3A%22LAST_15_MIN%22%2C%22duration%22%3A%22%3E%3D%20100ms%22%2C%22podsToLoad%22%3A%5B%7B%22namespace%22%3A%22profiler%22%2C%22service%22%3A%22esc-ui-service%22%7D%5D%2C%22filterString%22%3A%22%22%2C%22hideSystem%22%3Atrue%7D] 84:[10.236.118.197] 119:[GET]]
call#37:    -4765;     126;       0;        0;    787;    1197;       0;       0;     66;     1; 38086;     0;     0;       0;       0;       0;       0;       0;       0; pool-4-thread-1; map[]
call#38:     5379;       9;       0;        0;    568;      51;       0;       0;      5;     1; 38558;     0;     0;       0;       0;       0;       0;    1534;   27971; http-nio-8180-exec-7; map[19:[GET /esc/containersInfo, client: 10.236.118.197] 41:[https://esc-ui-service.test.org/esc/containersInfo] 50:[d5673b5f99b3ea66cca7e57b94b3c587] 78:[https://esc-ui-service.test.org/esc/calls?filterParams=%7B%22dateRange%22%3A%5B%222023-07-24T12%3A13%3A31.480Z%22%2C%222023-07-24T12%3A28%3A31.481Z%22%5D%2C%22dateRangeOption%22%3A%22LAST_15_MIN%22%2C%22duration%22%3A%22%3E%3D%20100ms%22%2C%22podsToLoad%22%3A%5B%7B%22namespace%22%3A%22profiler%22%2C%22service%22%3A%22esc-ui-service%22%7D%5D%2C%22filterString%22%3A%22%22%2C%22hideSystem%22%3Atrue%7D] 84:[10.236.118.197] 119:[GET]]
call#39:    -5680;      15;       0;        0;    787;    1414;       0;       0;     11;     1; 40128;     0;     0;       0;       0;       0;     391;       0;       0; pool-3-thread-1; map[]
call#40:        0;      78;       0;        0;    787;    2509;       0;       0;     18;     1; 40371;     0;     0;       0;       0;       0;     391;       0;       0; pool-3-thread-2; map[]
call#41:     1314;      27;       0;        0;    787;     488;       0;       0;     66;     1; 40759;     0;     0;       0;       0;       0;       0;       0;       0; pool-4-thread-2; map[]
call#42:     6136;       4;       0;        0;    568;       0;       0;       0;      2;     1; 41261;     0;     0;       0;       0;       0;       0;     121;     759; http-nio-8180-exec-1; map[19:[GET /actuator/health, client: 192.168.206.37] 41:[http://10.131.130.171:8180/actuator/health] 84:[192.168.206.37] 119:[GET]]
call#43:    -6136;      66;       0;        0;    787;     688;       0;       0;    138;     1; 41713;     0;     0;       0;       0;       0;       0;       0;       0; pool-4-thread-3; map[]
call#44:       85;      98;       0;        0;    787;    1109;       0;       0;    271;     1; 42505;     0;     0;       0;       0;       0;       0;       0;       0; pool-4-thread-4; map[]
call#45:     6051;       5;       0;        0;    568;       6;       0;       0;      2;     1; 43838;     0;     0;       0;       0;       0;       0;     121;     759; http-nio-8180-exec-8; map[19:[GET /actuator/health, client: 192.168.206.37] 41:[http://10.131.130.171:8180/actuator/health] 84:[192.168.206.37] 119:[GET]]
